▲ Next.js 16.2.1 (Turbopack)
- Environments: .env.local
- Experiments (use with caution):
  · optimizePackageImports
  · serverActions

  Creating an optimized production build ...
✓ Compiled successfully in 21.1s
  Running TypeScript ...
  Finished TypeScript in 44s ...
  Collecting page data using 23 workers ...
  Generating static pages using 23 workers (0/182) ...
fetchAllGlAccounts: Error: Dynamic server usage: Route /marker-ofek/finance/reconciliations couldn't be rendered statically because it used `cookies`. See more info here: https://nextjs.org/docs/messages/dynamic-server-error
    at f (C:\Users\user\Desktop\smart-building-os\.next\server\chunks\ssr\[root-of-the-server]__0.vgirj._.js:7:4357)
    at g (C:\Users\user\Desktop\smart-building-os\.next\server\chunks\ssr\[root-of-the-server]__0.vgirj._.js:7:4533)
    at i (C:\Users\user\Desktop\smart-building-os\.next\server\chunks\ssr\[root-of-the-server]__0.vgirj._.js:7:5159)
    at e (C:\Users\user\Desktop\smart-building-os\.next\server\chunks\ssr\[root-of-the-server]__034byc_._.js:1:1530) {
  description: "Route /marker-ofek/finance/reconciliations couldn't be rendered statically because it used `cookies`. See more info here: https://nextjs.org/docs/messages/dynamic-server-error",
  digest: 'DYNAMIC_SERVER_USAGE'
}
fetchPendingFinancialClearanceAction: Error: Dynamic server usage: Route /marker-ofek/finance/clearance couldn't be rendered statically because it used `cookies`. See more info here: https://nextjs.org/docs/messages/dynamic-server-error
    at f (C:\Users\user\Desktop\smart-building-os\.next\server\chunks\ssr\_0bi~lsa._.js:9:1963)
    at g (C:\Users\user\Desktop\smart-building-os\.next\server\chunks\ssr\_0bi~lsa._.js:9:2139)
    at j (C:\Users\user\Desktop\smart-building-os\.next\server\chunks\ssr\[root-of-the-server]__0_nfi8t._.js:7:5016)
    at e (C:\Users\user\Desktop\smart-building-os\.next\server\chunks\ssr\[root-of-the-server]__11dn6~6._.js:1:1584) {
  description: "Route /marker-ofek/finance/clearance couldn't be rendered statically because it used `cookies`. See more info here: https://nextjs.org/docs/messages/dynamic-server-error",
  digest: 'DYNAMIC_SERVER_USAGE'
}
  Generating static pages using 23 workers (45/182) 
  Generating static pages using 23 workers (90/182) 
fetchAllGlAccounts: Error: Dynamic server usage: Route /marker-ofek/finance/journal-entries/new couldn't be rendered statically because it used `cookies`. See more info here: https://nextjs.org/docs/messages/dynamic-server-error
    at f (C:\Users\user\Desktop\smart-building-os\.next\server\chunks\ssr\_0bi~lsa._.js:9:1963)
    at g (C:\Users\user\Desktop\smart-building-os\.next\server\chunks\ssr\_0bi~lsa._.js:9:2139)
    at i (C:\Users\user\Desktop\smart-building-os\.next\server\chunks\ssr\[root-of-the-server]__077vqk4._.js:7:5159)
    at f (C:\Users\user\Desktop\smart-building-os\.next\server\chunks\ssr\[root-of-the-server]__0b.58ik._.js:1:1538) {
  description: "Route /marker-ofek/finance/journal-entries/new couldn't be rendered statically because it used `cookies`. See more info here: https://nextjs.org/docs/messages/dynamic-server-error",
  digest: 'DYNAMIC_SERVER_USAGE'
}
fetchAllGlAccounts: Error: Dynamic server usage: Route /marker-ofek/finance/gl-accounts couldn't be rendered statically because it used `cookies`. See more info here: https://nextjs.org/docs/messages/dynamic-server-error
    at f (C:\Users\user\Desktop\smart-building-os\.next\server\chunks\ssr\_0bi~lsa._.js:9:1963)
    at g (C:\Users\user\Desktop\smart-building-os\.next\server\chunks\ssr\_0bi~lsa._.js:9:2139)
    at i (C:\Users\user\Desktop\smart-building-os\.next\server\chunks\ssr\[root-of-the-server]__077vqk4._.js:7:5159)
    at f (C:\Users\user\Desktop\smart-building-os\.next\server\chunks\ssr\[root-of-the-server]__0ymggvb._.js:1:2468) {
  description: "Route /marker-ofek/finance/gl-accounts couldn't be rendered statically because it used `cookies`. See more info here: https://nextjs.org/docs/messages/dynamic-server-error",
  digest: 'DYNAMIC_SERVER_USAGE'
}
fetchAllGlAccounts: Error: Dynamic server usage: Route /marker-ofek/finance/bank-statements/new couldn't be rendered statically because it used `cookies`. See more info here: https://nextjs.org/docs/messages/dynamic-server-error
    at f (C:\Users\user\Desktop\smart-building-os\.next\server\chunks\ssr\[root-of-the-server]__0ejakgj._.js:7:4357)
    at g (C:\Users\user\Desktop\smart-building-os\.next\server\chunks\ssr\[root-of-the-server]__0ejakgj._.js:7:4533)
    at i (C:\Users\user\Desktop\smart-building-os\.next\server\chunks\ssr\[root-of-the-server]__0dhvy4z._.js:7:5916)
    at e (C:\Users\user\Desktop\smart-building-os\.next\server\chunks\ssr\[root-of-the-server]__0q3ighr._.js:1:1520) {
  description: "Route /marker-ofek/finance/bank-statements/new couldn't be rendered statically because it used `cookies`. See more info here: https://nextjs.org/docs/messages/dynamic-server-error",
  digest: 'DYNAMIC_SERVER_USAGE'
}
  Generating static pages using 23 workers (136/182) 
fetchAllGlAccounts: Error: Dynamic server usage: Route /marker-ofek/finance/billing/new couldn't be rendered statically because it used `cookies`. See more info here: https://nextjs.org/docs/messages/dynamic-server-error
    at f (C:\Users\user\Desktop\smart-building-os\.next\server\chunks\ssr\[root-of-the-server]__0ejakgj._.js:7:4357)
    at g (C:\Users\user\Desktop\smart-building-os\.next\server\chunks\ssr\[root-of-the-server]__0ejakgj._.js:7:4533)
    at i (C:\Users\user\Desktop\smart-building-os\.next\server\chunks\ssr\[root-of-the-server]__0dhvy4z._.js:7:5916)
    at x (C:\Users\user\Desktop\smart-building-os\.next\server\chunks\ssr\lib_holden-erp_billing-actions_ts_0.x_p16._.js:1:8928)
    at e (C:\Users\user\Desktop\smart-building-os\.next\server\chunks\ssr\[root-of-the-server]__0y0xzkc._.js:1:1620) {
  description: "Route /marker-ofek/finance/billing/new couldn't be rendered statically because it used `cookies`. See more info here: https://nextjs.org/docs/messages/dynamic-server-error",
  digest: 'DYNAMIC_SERVER_USAGE'
}
✓ Generating static pages using 23 workers (182/182) in 840ms
  Finalizing page optimization ...

Route (app)
┌ ○ /
├ ○ /_not-found
├ ƒ /admin
├ ƒ /admin/import
├ ƒ /admin/import/new
├ ƒ /admin/users
├ ƒ /admin/users/new
├ ƒ /amenities
├ ƒ /announcements
├ ƒ /api/chat
├ ƒ /api/check-gemini
├ ƒ /api/contracts
├ ƒ /api/contracts/[id]
├ ƒ /api/contracts/[id]/lines
├ ƒ /api/contracts/[id]/lines/[lineId]
├ ƒ /api/contracts/[id]/report-email
├ ƒ /api/contracts/[id]/workflow
├ ƒ /api/cron
├ ƒ /api/cron/erp-weekly-pulse
├ ƒ /api/erp/ai/jobs
├ ƒ /api/erp/ai/jobs/[id]/result
├ ƒ /api/erp/analytics/global-health
├ ƒ /api/erp/analytics/weekly-reports-archive
├ ƒ /api/erp/client-contracts
├ ƒ /api/erp/client-contracts/[id]
├ ƒ /api/erp/client-contracts/[id]/change-orders
├ ƒ /api/erp/client-contracts/[id]/change-orders/[changeOrderId]
├ ƒ /api/erp/client-contracts/[id]/change-orders/[changeOrderId]/approve
├ ƒ /api/erp/client-contracts/[id]/lines
├ ƒ /api/erp/client-contracts/[id]/lines/[lineId]
├ ƒ /api/erp/client-contracts/[id]/progress-bills
├ ƒ /api/erp/client-contracts/[id]/progress-bills/[billId]
├ ƒ /api/erp/client-contracts/[id]/progress-bills/[billId]/calculate
├ ƒ /api/erp/client-contracts/[id]/progress-bills/[billId]/export
├ ƒ /api/erp/client-contracts/[id]/progress-bills/[billId]/export-excel
├ ƒ /api/erp/client-contracts/[id]/progress-bills/[billId]/lines
├ ƒ /api/erp/client-contracts/[id]/progress-bills/[billId]/offsets
├ ƒ /api/erp/client-contracts/[id]/progress-bills/[billId]/sync-approved
├ ƒ /api/erp/client-contracts/[id]/sync-execution
├ ƒ /api/erp/contracts
├ ƒ /api/erp/contracts/[id]
├ ƒ /api/erp/contracts/[id]/lines
├ ƒ /api/erp/contracts/[id]/lines/[lineId]
├ ƒ /api/erp/contracts/[id]/report-email
├ ƒ /api/erp/contracts/[id]/workflow
├ ƒ /api/erp/dashboard/high-variance-overrides
├ ƒ /api/erp/holden/import-supplier-catalog
├ ƒ /api/erp/holden/intent
├ ƒ /api/erp/master-data/items
├ ƒ /api/erp/master-data/product-families
├ ƒ /api/erp/master-data/supplier-items
├ ƒ /api/erp/master-data/suppliers
├ ƒ /api/erp/master-data/suppliers/[id]
├ ƒ /api/erp/master-data/suppliers/[id]/bank-accounts
├ ƒ /api/erp/master-data/suppliers/[id]/bank-accounts/[bankAccountId]
├ ƒ /api/erp/master-data/suppliers/[id]/contacts
├ ƒ /api/erp/master-data/suppliers/[id]/contacts/[contactId]
├ ƒ /api/erp/mobile/field/exceptions
├ ƒ /api/erp/mobile/field/material-receipts
├ ƒ /api/erp/mobile/field/projects
├ ƒ /api/erp/mobile/field/projects/[projectId]/purchase-orders
├ ƒ /api/erp/mobile/field/work-logs
├ ƒ /api/erp/pricing/authorize-override
├ ƒ /api/erp/pricing/effective-price
├ ƒ /api/erp/pricing/historical-stats
├ ƒ /api/erp/procurement/goods-receipts
├ ƒ /api/erp/procurement/goods-receipts/[id]
├ ƒ /api/erp/procurement/goods-receipts/[id]/lines
├ ƒ /api/erp/procurement/purchase-orders
├ ƒ /api/erp/procurement/purchase-orders/[id]
├ ƒ /api/erp/procurement/purchase-orders/[id]/lines
├ ƒ /api/erp/procurement/purchase-orders/[id]/lines/[lineId]
├ ƒ /api/erp/procurement/purchase-orders/[id]/send-email
├ ƒ /api/erp/procurement/rfqs/[id]/compare-quotes
├ ƒ /api/erp/procurement/status-events
├ ƒ /api/erp/procurement/suppliers/[id]/entry-message
├ ƒ /api/erp/procurement/vendor-invoices
├ ƒ /api/erp/procurement/vendor-invoices/[id]
├ ƒ /api/erp/procurement/vendor-invoices/[id]/lines
├ ƒ /api/erp/procurement/vendor-invoices/[id]/link-receipts
├ ƒ /api/erp/projects
├ ƒ /api/erp/projects/[id]
├ ƒ /api/erp/projects/[id]/executive-summary
├ ƒ /api/erp/projects/[id]/linked-subcontractor-lines
├ ƒ /api/erp/projects/[id]/profitability
├ ƒ /api/erp/projects/[id]/versions
├ ƒ /api/erp/subcontractor-bills/[id]/approve
├ ƒ /api/erp/subcontractor-bills/material-deductions
├ ƒ /api/erp/subcontractor-bills/offset-guard
├ ƒ /api/erp/subcontractor-bills/offset-guard/bulk-link
├ ƒ /api/erp/subcontractor-contracts
├ ƒ /api/erp/subcontractor-contracts/[id]
├ ƒ /api/erp/subcontractor-contracts/[id]/bills
├ ƒ /api/erp/subcontractor-contracts/[id]/bills/[billId]
├ ƒ /api/erp/subcontractor-contracts/[id]/bills/[billId]/calculate
├ ƒ /api/erp/subcontractor-contracts/[id]/bills/[billId]/lines
├ ƒ /api/erp/subcontractor-contracts/[id]/bills/[billId]/rmo
├ ƒ /api/finance/invoices
├ ƒ /api/finance/invoices/[id]/approve
├ ƒ /api/finance/invoices/[id]/match-detail
├ ƒ /api/finance/invoices/[id]/recompute-match
├ ƒ /api/finance/invoices/pending-match
├ ƒ /api/hr-onboarding-chat
├ ƒ /api/hr/analyze-contract
├ ƒ /api/ingestion/gmail-scanner
├ ƒ /api/iot/webhooks/[provider]
├ ƒ /api/master-data/items
├ ƒ /api/master-data/items/[id]
├ ƒ /api/master-data/items/[id]/assets
├ ƒ /api/master-data/items/[id]/purchase-history
├ ƒ /api/master-data/items/[id]/supplier-mappings
├ ƒ /api/master-data/items/[id]/suppliers
├ ƒ /api/master-data/items/bulk-import
├ ƒ /api/master-data/payment-terms
├ ƒ /api/master-data/po-approver-lists
├ ƒ /api/master-data/po-types
├ ƒ /api/master-data/product-families
├ ƒ /api/master-data/product-families/[id]
├ ƒ /api/master-data/supplier-items
├ ƒ /api/master-data/supplier-items/[id]
├ ƒ /api/master-data/suppliers
├ ƒ /api/master-data/suppliers/[id]
├ ƒ /api/master-data/suppliers/[id]/documents
├ ƒ /api/master-data/suppliers/[id]/documents/[documentId]
├ ƒ /api/master-data/suppliers/[id]/invoices
├ ƒ /api/master-data/suppliers/[id]/items
├ ƒ /api/master-data/suppliers/[id]/items/[itemId]
├ ƒ /api/master-data/suppliers/[id]/price-list
├ ƒ /api/master-data/suppliers/[id]/purchase-orders
├ ƒ /api/master-data/suppliers/[id]/score
├ ƒ /api/master-data/suppliers/[id]/supplier-price-lists
├ ƒ /api/master-data/suppliers/[id]/tasks
├ ƒ /api/master-data/uoms
├ ƒ /api/ocr
├ ƒ /api/ocr-invoice
├ ƒ /api/planning-versions/[id]/lines
├ ƒ /api/procurement/approvals
├ ƒ /api/procurement/autonomous-po
├ ƒ /api/procurement/autonomous-po/chat
├ ƒ /api/procurement/contracts
├ ƒ /api/procurement/contracts/[id]
├ ƒ /api/procurement/goods-receipt
├ ƒ /api/procurement/goods-receipt/[id]/landed-costs
├ ƒ /api/procurement/landed-costs/[id]
├ ƒ /api/procurement/landed-costs/[id]/allocate
├ ƒ /api/procurement/landed-costs/[id]/post
├ ƒ /api/procurement/orders
├ ƒ /api/procurement/orders/[id]
├ ƒ /api/procurement/orders/[id]/approvals
├ ƒ /api/procurement/orders/[id]/approvals/[approvalId]/decide
├ ƒ /api/procurement/orders/[id]/approvals/matrix-decide
├ ƒ /api/procurement/orders/[id]/approvals/matrix-start
├ ƒ /api/procurement/orders/[id]/approvals/submit
├ ƒ /api/procurement/orders/[id]/attachments
├ ƒ /api/procurement/orders/[id]/attachments/[attachmentId]
├ ƒ /api/procurement/orders/[id]/change-order
├ ƒ /api/procurement/orders/[id]/copy
├ ƒ /api/procurement/orders/[id]/history
├ ƒ /api/procurement/orders/[id]/history/[revisionId]
├ ƒ /api/procurement/orders/[id]/invoices
├ ƒ /api/procurement/orders/[id]/invoices/[invoiceId]/match
├ ƒ /api/procurement/orders/[id]/lines
├ ƒ /api/procurement/orders/[id]/lines/[lineId]
├ ƒ /api/procurement/orders/[id]/receipt-context
├ ƒ /api/procurement/orders/[id]/send
├ ƒ /api/procurement/orders/[id]/sent-log
├ ƒ /api/procurement/orders/open-for-receipt
├ ƒ /api/procurement/po-transition
├ ƒ /api/procurement/pricing/suggestions
├ ƒ /api/procurement/reports/aging
├ ƒ /api/procurement/reports/kpi
├ ƒ /api/procurement/reports/spend
├ ƒ /api/procurement/reports/variance
├ ƒ /api/procurement/setup/approval-matrix
├ ƒ /api/procurement/setup/approval-matrix/[ruleId]
├ ƒ /api/procurement/status-types
├ ƒ /api/procurement/suppliers/search
├ ƒ /api/projects
├ ƒ /api/projects/[id]
├ ƒ /api/projects/[id]/profitability
├ ƒ /api/projects/[id]/versions
├ ƒ /auth/callback
├ ƒ /auth/marker-ofek/login
├ ƒ /buildings
├ ƒ /buildings/[id]
├ ƒ /buildings/new
├ ƒ /chat
├ ƒ /client-contracts
├ ƒ /client-contracts/[id]/edit
├ ƒ /contracts
├ ƒ /contracts/[id]
├ ƒ /contracts/client
├ ƒ /dashboard
├ ƒ /documents
├ ƒ /ev-management
├ ƒ /facility
├ ƒ /field
├ ƒ /field/work-orders/[id]
├ ƒ /finance
├ ○ /hh-panels
├ ƒ /holden
├ ○ /hq
├ ƒ /hr
├ ○ /login
├ ƒ /maintenance
├ ƒ /management
├ ƒ /marker-ofek
├ ƒ /marker-ofek/admin/finance-settings
├ ƒ /marker-ofek/analytics
├ ƒ /marker-ofek/billing
├ ƒ /marker-ofek/budget
├ ƒ /marker-ofek/catalog
├ ƒ /marker-ofek/catalog/items
├ ƒ /marker-ofek/command-center
├ ƒ /marker-ofek/contracts
├ ƒ /marker-ofek/contracts-engine
├ ƒ /marker-ofek/contracts/[id]
├ ƒ /marker-ofek/contracts/[id]/bills/new
├ ƒ /marker-ofek/contracts/[id]/edit
├ ƒ /marker-ofek/contracts/[id]/progress-billings/[billingId]
├ ƒ /marker-ofek/contracts/[id]/progress-billings/new
├ ƒ /marker-ofek/contracts/[id]/versions/[versionId]
├ ƒ /marker-ofek/contracts/create-subcontractor
├ ƒ /marker-ofek/contracts/new
├ ƒ /marker-ofek/contracts/select-type
├ ƒ /marker-ofek/dashboard
├ ƒ /marker-ofek/dms
├ ƒ /marker-ofek/dms/[projectId]
├ ƒ /marker-ofek/entities
├ ƒ /marker-ofek/entities/[id]
├ ƒ /marker-ofek/entities/new
├ ƒ /marker-ofek/entities/suppliers
├ ƒ /marker-ofek/execution
├ ƒ /marker-ofek/execution/attendance
├ ƒ /marker-ofek/execution/checklists
├ ƒ /marker-ofek/execution/checklists/[checklistId]
├ ƒ /marker-ofek/execution/daily-logs
├ ƒ /marker-ofek/execution/daily-logs/[logId]
├ ƒ /marker-ofek/execution/daily-logs/new
├ ƒ /marker-ofek/execution/defects
├ ƒ /marker-ofek/execution/defects/[defectId]
├ ƒ /marker-ofek/execution/diamond-workspace/[projectId]
├ ƒ /marker-ofek/execution/field/floor-handover/[projectId]
├ ƒ /marker-ofek/execution/field/snags/[projectId]
├ ƒ /marker-ofek/execution/gantt
├ ƒ /marker-ofek/execution/gantt/[id]
├ ƒ /marker-ofek/execution/gantt/[id]/field
├ ƒ /marker-ofek/execution/gantt/[id]/subcontractor
├ ƒ /marker-ofek/execution/material-issue/new
├ ƒ /marker-ofek/execution/plans
├ ƒ /marker-ofek/execution/progress-reports
├ ƒ /marker-ofek/execution/progress-reports/new
├ ƒ /marker-ofek/execution/qa-defects/new
├ ƒ /marker-ofek/execution/resources
├ ƒ /marker-ofek/execution/wbs/node/[nodeId]
├ ƒ /marker-ofek/execution/wbs/task/[taskId]
├ ƒ /marker-ofek/field-execution
├ ƒ /marker-ofek/finance
├ ƒ /marker-ofek/finance/aging
├ ƒ /marker-ofek/finance/bank-reconciliation
├ ƒ /marker-ofek/finance/bank-statements/new
├ ƒ /marker-ofek/finance/billing
├ ƒ /marker-ofek/finance/billing/new
├ ƒ /marker-ofek/finance/budget-control
├ ƒ /marker-ofek/finance/cash-flow
├ ƒ /marker-ofek/finance/cashflow
├ ƒ /marker-ofek/finance/centralized
├ ƒ /marker-ofek/finance/clearance
├ ƒ /marker-ofek/finance/client-billing/new
├ ƒ /marker-ofek/finance/contract-vault
├ ƒ /marker-ofek/finance/contracts-billing
├ ƒ /marker-ofek/finance/contracts/[id]
├ ƒ /marker-ofek/finance/contracts/billing/[partialId]
├ ƒ /marker-ofek/finance/customers
├ ƒ /marker-ofek/finance/customers/[id]
├ ƒ /marker-ofek/finance/customers/new
├ ƒ /marker-ofek/finance/dashboard
├ ƒ /marker-ofek/finance/gl-accounts
├ ƒ /marker-ofek/finance/indexation
├ ƒ /marker-ofek/finance/invoices
├ ƒ /marker-ofek/finance/invoices/[id]/print
├ ƒ /marker-ofek/finance/invoices/new
├ ƒ /marker-ofek/finance/journal-entries/new
├ ƒ /marker-ofek/finance/overhead
├ ƒ /marker-ofek/finance/partials
├ ƒ /marker-ofek/finance/payment-demands
├ ƒ /marker-ofek/finance/payments
├ ƒ /marker-ofek/finance/payments/masav
├ ƒ /marker-ofek/finance/payments/runs
├ ƒ /marker-ofek/finance/pnl
├ ƒ /marker-ofek/finance/receipts
├ ƒ /marker-ofek/finance/receipts/new
├ ƒ /marker-ofek/finance/reconciliation
├ ƒ /marker-ofek/finance/reconciliations
├ ƒ /marker-ofek/finance/reports/aging
├ ƒ /marker-ofek/finance/retention
├ ƒ /marker-ofek/finance/subcontractor-accounts
├ ƒ /marker-ofek/finance/subcontractor-billing/new
├ ƒ /marker-ofek/finance/suppliers
├ ƒ /marker-ofek/finance/tax-invoices
├ ƒ /marker-ofek/finance/tax-invoices/[id]
├ ƒ /marker-ofek/finance/tax-invoices/new
├ ƒ /marker-ofek/finance/variations
├ ƒ /marker-ofek/finance/vat-readiness
├ ƒ /marker-ofek/finance/vat-report
├ ƒ /marker-ofek/handover
├ ƒ /marker-ofek/holden
├ ƒ /marker-ofek/holden-erp
├ ƒ /marker-ofek/holden-erp/contracts/[id]
├ ƒ /marker-ofek/holden-erp/partial-accounts/[id]
├ ƒ /marker-ofek/hr/timesheets
├ ƒ /marker-ofek/invoices/new
├ ƒ /marker-ofek/items
├ ƒ /marker-ofek/items/[id]
├ ƒ /marker-ofek/items/import
├ ƒ /marker-ofek/items/new
├ ƒ /marker-ofek/logistics/asset-tracking
├ ƒ /marker-ofek/master-data
├ ƒ /marker-ofek/my-day
├ ƒ /marker-ofek/nav-preview
├ ƒ /marker-ofek/onboarding/sandbox
├ ƒ /marker-ofek/partner-finance
├ ƒ /marker-ofek/partner-finance/[projectId]
├ ƒ /marker-ofek/pitch
├ ○ /marker-ofek/pitch/monetization
├ ƒ /marker-ofek/portfolio
├ ƒ /marker-ofek/pre-construction
├ ƒ /marker-ofek/pre-construction/tender-intake
├ ƒ /marker-ofek/pre-construction/tender-pricing
├ ƒ /marker-ofek/procurement
├ ƒ /marker-ofek/procurement-v2
├ ƒ /marker-ofek/procurement-v2/purchase-orders/[poId]
├ ƒ /marker-ofek/procurement-v2/suppliers/[supplierId]
├ ƒ /marker-ofek/procurement/[id]
├ ƒ /marker-ofek/procurement/aging
├ ƒ /marker-ofek/procurement/ai-import
├ ƒ /marker-ofek/procurement/ai-import/pending-allocation
├ ƒ /marker-ofek/procurement/approvals
├ ƒ /marker-ofek/procurement/assets
├ ƒ /marker-ofek/procurement/autonomous-po/new
├ ƒ /marker-ofek/procurement/catalog
├ ƒ /marker-ofek/procurement/categories-setup
├ ƒ /marker-ofek/procurement/delivery-notes/new
├ ƒ /marker-ofek/procurement/goods-receipt
├ ƒ /marker-ofek/procurement/goods-receipt/new
├ ƒ /marker-ofek/procurement/inventory
├ ƒ /marker-ofek/procurement/invoices
├ ƒ /marker-ofek/procurement/invoices/new
├ ƒ /marker-ofek/procurement/new
├ ƒ /marker-ofek/procurement/orders
├ ƒ /marker-ofek/procurement/orders/[id]
├ ƒ /marker-ofek/procurement/orders/new
├ ƒ /marker-ofek/procurement/purchase-order-delivery-flow
├ ƒ /marker-ofek/procurement/purchase-orders/from-boq
├ ƒ /marker-ofek/procurement/purchase-orders/new
├ ƒ /marker-ofek/procurement/receipt/[id]
├ ƒ /marker-ofek/procurement/receive
├ ƒ /marker-ofek/procurement/reconciliation
├ ƒ /marker-ofek/procurement/reconciliation/inventory-progress
├ ƒ /marker-ofek/procurement/reports
├ ƒ /marker-ofek/procurement/reports/aging
├ ƒ /marker-ofek/procurement/reports/kpi
├ ƒ /marker-ofek/procurement/reports/spend
├ ƒ /marker-ofek/procurement/reports/variance
├ ƒ /marker-ofek/procurement/suppliers
├ ƒ /marker-ofek/procurement/suppliers/new
├ ƒ /marker-ofek/procurement/tenders/compare
├ ƒ /marker-ofek/procurement/warehouse-outgoing
├ ƒ /marker-ofek/project-setup
├ ƒ /marker-ofek/projects
├ ƒ /marker-ofek/projects-budget-control
├ ƒ /marker-ofek/projects-budget-control/[projectId]
├ ƒ /marker-ofek/projects-budget-control/[projectId]/versions/[versionId]
├ ƒ /marker-ofek/projects-budget-control/[projectId]/versions/[versionId]/boq/[boqNodeId]
├ ƒ /marker-ofek/projects/[id]
├ ƒ /marker-ofek/projects/[id]/contract-ai
├ ƒ /marker-ofek/projects/[id]/contracts
├ ƒ /marker-ofek/projects/[id]/contracts/[contractId]
├ ƒ /marker-ofek/projects/[id]/cost-control
├ ƒ /marker-ofek/projects/[id]/daily-log
├ ƒ /marker-ofek/projects/[id]/gantt-editor
├ ƒ /marker-ofek/projects/[id]/planning
├ ƒ /marker-ofek/projects/[id]/variations
├ ƒ /marker-ofek/projects/contracts/billing/[partialId]
├ ƒ /marker-ofek/projects/gantt
├ ƒ /marker-ofek/projects/gantt/[ganttId]
├ ƒ /marker-ofek/projects/legacy-setup
├ ƒ /marker-ofek/projects/new
├ ƒ /marker-ofek/projects/setup
├ ƒ /marker-ofek/roadmap
├ ƒ /marker-ofek/sales-orders/new
├ ƒ /marker-ofek/schedule
├ ƒ /marker-ofek/settings
├ ƒ /marker-ofek/settings/company
├ ƒ /marker-ofek/settings/modules
├ ƒ /marker-ofek/settings/smart
├ ƒ /marker-ofek/settings/system-parameters
├ ƒ /marker-ofek/settings/system-rules
├ ƒ /marker-ofek/settings/user-permissions
├ ƒ /marker-ofek/settings/users/ai-setup
├ ƒ /marker-ofek/supply-chain/suppliers
├ ƒ /marker-ofek/system-map
├ ƒ /marker-ofek/system/health
├ ƒ /marker-ofek/tenders
├ ƒ /marker-ofek/tenders/boq
├ ƒ /marker-ofek/tenders/comparison
├ ƒ /marker-ofek/tenders/pricing
├ ƒ /marker-ofek/tenders/wbs
├ ƒ /onboarding
├ ƒ /onboarding/buildings/[buildingId]
├ ƒ /partner-finance
├ ƒ /partner-finance/[projectId]
├ ƒ /partner-metrics
├ ○ /pitch
├ ○ /portal
├ ƒ /print/bank-reconciliations/[id]
├ ƒ /print/bills/[id]
├ ƒ /print/client-bills/[id]
├ ƒ /print/contracts/[id]
├ ƒ /print/payment-runs/[id]
├ ƒ /print/purchase-orders/[id]
├ ƒ /print/tax-invoices/[id]
├ ƒ /procurement
├ ○ /procurement/dashboard
├ ƒ /procurement/items
├ ƒ /procurement/setup/approval-matrix
├ ƒ /procurement/suppliers
├ ƒ /projects
├ ƒ /projects/[id]
├ ƒ /projects/[id]/dashboard
├ ƒ /projects/[id]/wall
├ ƒ /settings
├ ○ /simulator
├ ○ /subcontractor-portal
├ ƒ /tenant
├ ƒ /tenant/amenities
├ ƒ /tenant/billing
├ ƒ /tenant/ev
├ ƒ /tenant/profile
├ ƒ /tenant/tickets
├ ƒ /tenant/tickets/new
├ ƒ /tenants
├ ƒ /tickets
├ ƒ /vendor/rfq/[token]
└ ƒ /vendors


ƒ Proxy (Middleware)

○  (Static)   prerendered as static content
ƒ  (Dynamic)  server-rendered on demand

